[2026-08-25 16:06:53,627] INFO - Template carregado: templates/default.html
[2026-08-25 16:06:56,931] INFO - ENVIADO: coronellucasgmg@gmail.com via kajaseifert@gmx.net@mail.gmx.net:465
[2026-08-25 16:07:00,099] INFO - ENVIADO: borsagli@gmail.com via support@solenergies.ci@mail.solenergies.ci:465
[2026-08-25 16:07:01,205] INFO - ENVIADO: marcellogiffoni@gmail.com via david.schaetzel@gmx.at@mail.gmx.at:465
[2026-08-25 16:07:02,421] INFO - ENVIADO: jefersonsilvaengenharia@gmail.com via david.schaetzel@gmx.at@mail.gmx.at:465
[2026-08-25 16:07:03,538] INFO - ENVIADO: casademusicaob@gmail.com via kfz-kapeller@gmx.at@mail.gmx.at:465
[2026-08-25 16:07:04,024] INFO - ENVIADO: oliveiraregulapp@gmail.com via contacto@mimesis.com.ar@mail.mimesis.com.ar:465
[2026-08-25 16:07:04,721] INFO - ENVIADO: caiomorais.mg@gmail.com via apfelmann@gmx.at@mail.gmx.at:465
[2026-08-25 16:07:05,871] INFO - ENVIADO: uza@gmail.com via david.schicker@gmx.at@mail.gmx.at:465
[2026-08-25 16:07:06,300] INFO - ENVIADO: avi.rod@gmail.com via cmargreiter91@gmx.at@mail.gmx.at:465
[2026-08-25 16:07:07,027] INFO - ENVIADO: fabio.bragaprofissional@gmail.com via andreas.leo@gmx.at@mail.gmx.at:465
[2026-08-25 16:07:08,156] INFO - ENVIADO: tsricci@gmail.com via felixwinkler@gmx.net@mail.gmx.net:465
[2026-08-25 16:07:09,365] INFO - ENVIADO: eduardovnincorporadora@gmail.com via k.foditsch88@gmx.at@mail.gmx.at:465
[2026-08-25 16:07:10,459] INFO - ENVIADO: atendimentohidroarte@gmail.com via wolfgangwendlinger@gmx.at@mail.gmx.at:465
[2026-08-25 16:07:12,722] INFO - ENVIADO: mediarinova@gmail.com via martin.jurek@gmx.net@mail.gmx.net:465
[2026-08-25 16:07:13,567] INFO - ENVIADO: apoiouniformescompras@gmail.com via horst.kupfer@gmx.net@mail.gmx.net:465
[2026-08-25 16:07:13,819] INFO - ENVIADO: realizareformasprediais@gmail.com via richardburger@gmx.at@mail.gmx.at:465
[2026-08-25 16:07:14,796] INFO - ENVIADO: drumondcacilda@gmail.com via eavila@promas.com.ar@smtp.promas.com.ar:465
[2026-08-25 16:07:15,005] INFO - ENVIADO: marccarimoveis@gmail.com via richardburger@gmx.at@mail.gmx.at:465
[2026-08-25 16:07:15,534] INFO - ENVIADO: oliveiraconstucoespp@gmail.com via dtfutsalatfa@cahuracan.com@smtp.cahuracan.com:465
[2026-08-25 16:07:15,789] INFO - ENVIADO: marcelo.deolisa@gmail.com via m.hohlbauch@gmx.net@mail.gmx.net:465
[2026-08-25 16:07:16,116] INFO - ENVIADO: orcainteriores@gmail.com via lada1@gmx.net@mail.gmx.net:465
[2026-08-25 16:07:17,046] INFO - ENVIADO: escritorasurbanas@gmail.com via steffen.drueke@gmx.net@mail.gmx.net:465
[2026-08-25 16:07:17,329] INFO - ENVIADO: privusimoveis@gmail.com via elias.kronsteiner@gmx.at@mail.gmx.at:465
[2026-08-25 16:07:17,838] INFO - ENVIADO: ulisses.phd@gmail.com via hauser.joerg@gmx.net@mail.gmx.net:465
[2026-08-25 16:07:22,476] INFO - ENVIADO: joaolucasrcruz@gmail.com via contacto@mimesis.com.ar@mail.mimesis.com.ar:465
[2026-08-25 16:07:24,583] INFO - ENVIADO: helgacampos@gmail.com via guido@modular-robot.com.ar@smtp.modular-robot.com.ar:465
[2026-08-25 16:07:24,710] INFO - ENVIADO: urb.ornamento@gmail.com via kajaseifert@gmx.net@mail.gmx.net:465
[2026-08-25 16:07:25,716] INFO - ENVIADO: rogerioothon@gmail.com via apfelmann@gmx.at@mail.gmx.at:465
[2026-08-25 16:07:26,604] INFO - ENVIADO: ricardomorotelhas@gmail.com via dtfutsalatfa@cahuracan.com@smtp.cahuracan.com:465
[2026-08-25 16:07:26,943] INFO - ENVIADO: gchenncem@gmail.com via eva.bendl@gmx.at@mail.gmx.at:465
[2026-08-25 16:07:26,977] INFO - ENVIADO: rafafabris11@gmail.com via david.schaetzel@gmx.at@mail.gmx.at:465
[2026-08-25 16:07:28,061] INFO - ENVIADO: merceproducao@gmail.com via kfz-kapeller@gmx.at@mail.gmx.at:465
[2026-08-25 16:07:28,872] INFO - ENVIADO: escritoriovirtus@gmail.com via contacto@mimesis.com.ar@mail.mimesis.com.ar:465
[2026-08-25 16:07:28,939] INFO - ENVIADO: ddanipassos@gmail.com via apfelmann@gmx.at@mail.gmx.at:465
[2026-08-25 16:07:29,244] INFO - ENVIADO: renovolimpeza@gmail.com via cmargreiter91@gmx.at@mail.gmx.at:465
[2026-08-25 16:07:29,274] INFO - ENVIADO: deliciasdoforno22@gmail.com via david.schicker@gmx.at@mail.gmx.at:465
[2026-08-25 16:07:30,338] INFO - ENVIADO: mklconstrucoes24@gmail.com via andreas.leo@gmx.at@mail.gmx.at:465
[2026-08-25 16:07:31,113] INFO - ENVIADO: recrutamento.sragranel@gmail.com via felixwinkler@gmx.net@mail.gmx.net:465
[2026-08-25 16:07:31,507] INFO - ENVIADO: curraldelreybh@gmail.com via wolfgangwendlinger@gmx.at@mail.gmx.at:465
[2026-08-25 16:07:31,516] INFO - ENVIADO: osagrada@gmail.com via k.foditsch88@gmx.at@mail.gmx.at:465
[2026-08-25 16:07:33,440] INFO - ENVIADO: icamposviana@gmail.com via martin.jurek@gmx.net@mail.gmx.net:465
[2026-08-25 16:07:33,821] INFO - ENVIADO: pmmgcpp@gmail.com via rollerfahren-verbindet@gmx.at@mail.gmx.at:465
[2026-08-25 16:07:33,833] INFO - ENVIADO: rafaelchristiandm@gmail.com via horst.kupfer@gmx.net@mail.gmx.net:465
[2026-08-25 16:07:34,580] INFO - ENVIADO: gdecom.org@gmail.com via lada1@gmx.net@mail.gmx.net:465
[2026-08-25 16:07:35,715] INFO - ENVIADO: comerciobeagas@gmail.com via m.hohlbauch@gmx.net@mail.gmx.net:465
[2026-08-25 16:07:36,117] INFO - ENVIADO: ceramicasaojorge74@gmail.com via lada1@gmx.net@mail.gmx.net:465
[2026-08-25 16:07:36,131] INFO - ENVIADO: danilobarbosarepresentacoes@gmail.com via steffen.drueke@gmx.net@mail.gmx.net:465
[2026-08-25 16:07:36,927] INFO - ENVIADO: lajesacil@gmail.com via elias.kronsteiner@gmx.at@mail.gmx.at:465
[2026-08-25 16:07:38,001] INFO - ENVIADO: marcospaulo.henriques@gmail.com via hauser.joerg@gmx.net@mail.gmx.net:465
[2026-08-25 16:07:40,023] INFO - ENVIADO: queijoeculturacomunicacao@gmail.com via eavila@promas.com.ar@smtp.promas.com.ar:465
[2026-08-25 16:07:44,671] INFO - ENVIADO: claudio.ferreirahb@gmail.com via guido@modular-robot.com.ar@smtp.modular-robot.com.ar:465
[2026-08-25 16:07:48,488] INFO - ENVIADO: maxlaje@gmail.com via contacto@mimesis.com.ar@mail.mimesis.com.ar:465
[2026-08-25 16:07:49,434] INFO - ENVIADO: lajesconstrur@gmail.com via support@solenergies.ci@mail.solenergies.ci:465
[2026-08-25 16:07:50,217] INFO - ENVIADO: condominiomercadonovo@gmail.com via dtfutsalatfa@cahuracan.com@smtp.cahuracan.com:465
[2026-08-25 16:07:50,807] INFO - ENVIADO: edificacoes@gmail.com via kajaseifert@gmx.net@mail.gmx.net:465
[2026-08-25 16:07:52,450] INFO - ENVIADO: jessicacampossoares@gmail.com via eva.bendl@gmx.at@mail.gmx.at:465
[2026-08-25 16:07:52,852] INFO - ENVIADO: emporiominaschurrasqueiras@gmail.com via contacto@mimesis.com.ar@mail.mimesis.com.ar:465
[2026-08-25 16:07:53,123] INFO - ENVIADO: paola.waleska1@gmail.com via david.schaetzel@gmx.at@mail.gmx.at:465
[2026-08-25 16:07:53,629] INFO - ENVIADO: lajotarustica@gmail.com via cmargreiter91@gmx.at@mail.gmx.at:465
[2026-08-25 16:07:54,774] INFO - ENVIADO: glaycenrocha@gmail.com via apfelmann@gmx.at@mail.gmx.at:465
[2026-08-25 16:07:55,119] INFO - ENVIADO: juremaecologica@gmail.com via david.schicker@gmx.at@mail.gmx.at:465
[2026-08-25 16:07:55,380] INFO - ENVIADO: tiagosilva.crescer@gmail.com via cmargreiter91@gmx.at@mail.gmx.at:465
[2026-08-25 16:07:55,884] INFO - ENVIADO: nuneslajesbh@gmail.com via andreas.leo@gmx.at@mail.gmx.at:465
[2026-08-25 16:07:57,037] INFO - ENVIADO: mantilla.carrasco@gmail.com via felixwinkler@gmx.net@mail.gmx.net:465
[2026-08-25 16:07:57,628] INFO - ENVIADO: woodshostelbh@gmail.com via k.foditsch88@gmx.at@mail.gmx.at:465
[2026-08-25 16:07:58,154] INFO - ENVIADO: prollarchurrasqueiras@gmail.com via wolfgangwendlinger@gmx.at@mail.gmx.at:465
[2026-08-25 16:07:59,913] INFO - ENVIADO: conceicaoleeuw@gmail.com via martin.jurek@gmx.net@mail.gmx.net:465
[2026-08-25 16:08:00,439] INFO - ENVIADO: capotariamesquita@gmail.com via rollerfahren-verbindet@gmx.at@mail.gmx.at:465
[2026-08-25 16:08:01,627] INFO - ENVIADO: tiago.abjaud@gmail.com via lada1@gmx.net@mail.gmx.net:465
[2026-08-25 16:08:02,190] INFO - ENVIADO: kksprenger@gmail.com via richardburger@gmx.at@mail.gmx.at:465
[2026-08-25 16:08:02,716] INFO - ENVIADO: blocosicalbrasil@gmail.com via m.hohlbauch@gmx.net@mail.gmx.net:465
[2026-08-25 16:08:03,732] INFO - ENVIADO: lafetaluiza@gmail.com via eavila@promas.com.ar@smtp.promas.com.ar:465
[2026-08-25 16:08:03,963] INFO - ENVIADO: petroniopietra@gmail.com via lada1@gmx.net@mail.gmx.net:465
[2026-08-25 16:08:04,448] INFO - ENVIADO: beto48castelo@gmail.com via steffen.drueke@gmx.net@mail.gmx.net:465
[2026-08-25 16:08:05,050] INFO - ENVIADO: decoplastbh@gmail.com via elias.kronsteiner@gmx.at@mail.gmx.at:465
[2026-08-25 16:08:06,102] INFO - ENVIADO: assessoriadosartistas@gmail.com via hauser.joerg@gmx.net@mail.gmx.net:465
[2026-08-25 16:08:14,763] INFO - ENVIADO: smashboxbhbh@gmail.com via guido@modular-robot.com.ar@smtp.modular-robot.com.ar:465
[2026-08-25 16:08:18,273] INFO - ENVIADO: casagloboacabamentos@gmail.com via contacto@mimesis.com.ar@mail.mimesis.com.ar:465
[2026-08-25 16:08:19,432] INFO - ENVIADO: leofdo@gmail.com via contacto@mimesis.com.ar@mail.mimesis.com.ar:465
[2026-08-25 16:08:21,815] INFO - ENVIADO: mpgessotere@gmail.com via kajaseifert@gmx.net@mail.gmx.net:465
[2026-08-25 16:08:23,219] INFO - ENVIADO: rrpremoldados941@gmail.com via dtfutsalatfa@cahuracan.com@smtp.cahuracan.com:465
[2026-08-25 16:08:23,400] INFO - ENVIADO: rafaclaro1989@gmail.com via support@solenergies.ci@mail.solenergies.ci:465
[2026-08-25 16:08:25,481] INFO - ENVIADO: igrejansrosariotejucupapo@gmail.com via eva.bendl@gmx.at@mail.gmx.at:465
[2026-08-25 16:08:25,683] INFO - ENVIADO: thaliacaum21@gmail.com via david.schaetzel@gmx.at@mail.gmx.at:465
[2026-08-25 16:08:26,082] INFO - ENVIADO: tijolos@gmail.com via andreas.leo@gmx.at@mail.gmx.at:465
[2026-08-25 16:08:27,786] INFO - ENVIADO: contato.refrifernandes@gmail.com via apfelmann@gmx.at@mail.gmx.at:465
[2026-08-25 16:08:27,962] INFO - ENVIADO: arquiteturadavidguerra@gmail.com via david.schicker@gmx.at@mail.gmx.at:465
[2026-08-25 16:08:28,317] INFO - ENVIADO: capitaldoentorno@gmail.com via cmargreiter91@gmx.at@mail.gmx.at:465
[2026-08-25 16:08:30,085] INFO - ENVIADO: luizrodello@gmail.com via andreas.leo@gmx.at@mail.gmx.at:465
[2026-08-25 16:08:30,242] INFO - ENVIADO: engenharia.actio@gmail.com via felixwinkler@gmx.net@mail.gmx.net:465
[2026-08-25 16:08:32,399] INFO - ENVIADO: carvalho.engenharia2018@gmail.com via k.foditsch88@gmx.at@mail.gmx.at:465
[2026-08-25 16:08:32,565] INFO - ENVIADO: minasconstruir@gmail.com via wolfgangwendlinger@gmx.at@mail.gmx.at:465
[2026-08-25 16:08:34,866] INFO - ENVIADO: edmixbec@gmail.com via martin.jurek@gmx.net@mail.gmx.net:465
[2026-08-25 16:08:36,633] INFO - ENVIADO: wmixconcretovendas@gmail.com via lada1@gmx.net@mail.gmx.net:465
[2026-08-25 16:08:36,855] INFO - ENVIADO: drichardeli.arq@gmail.com via eavila@promas.com.ar@smtp.promas.com.ar:465
[2026-08-25 16:08:37,148] INFO - ENVIADO: lojaestiloconcreto@gmail.com via horst.kupfer@gmx.net@mail.gmx.net:465
[2026-08-25 16:08:38,901] INFO - ENVIADO: concretostarmixbhte@gmail.com via richardburger@gmx.at@mail.gmx.at:465
[2026-08-25 16:08:39,165] INFO - ENVIADO: concreartbh@gmail.com via m.hohlbauch@gmx.net@mail.gmx.net:465
