[2026-08-25 16:04:39,735] INFO - Template carregado: templates/default.html
[2026-08-25 16:04:43,163] INFO - ENVIADO: almeida.luizclaudio@gmail.com via kajaseifert@gmx.net@mail.gmx.net:465
[2026-08-25 16:04:44,504] INFO - ENVIADO: estarcleanbh@gmail.com via support@solenergies.ci@mail.solenergies.ci:465
[2026-08-25 16:04:45,411] INFO - ENVIADO: depositobacabal@gmail.com via bernhard.bunde@gmx.net@mail.gmx.net:465
[2026-08-25 16:04:46,002] INFO - ENVIADO: orcamentosviafer@gmail.com via scolacrystal@iigroup.com.my@mail.iigroup.com.my:465
[2026-08-25 16:04:46,848] INFO - ENVIADO: edigustavo111@gmail.com via eva.bendl@gmx.at@mail.gmx.at:465
[2026-08-25 16:04:47,738] INFO - ENVIADO: depositobarrocaprado@gmail.com via david.schaetzel@gmx.at@mail.gmx.at:465
[2026-08-25 16:04:48,294] INFO - ENVIADO: piscinas.arca@gmail.com via kfz-kapeller@gmx.at@mail.gmx.at:465
[2026-08-25 16:04:49,184] INFO - ENVIADO: montegresacabamentos@gmail.com via apfelmann@gmx.at@mail.gmx.at:465
[2026-08-25 16:04:49,439] INFO - ENVIADO: rafaelmaia.cimentao@gmail.com via dtfutsalatfa@cahuracan.com@smtp.cahuracan.com:465
[2026-08-25 16:04:50,010] INFO - ENVIADO: compras.eletroguimaraes@gmail.com via david.schicker@gmx.at@mail.gmx.at:465
[2026-08-25 16:04:50,651] INFO - ENVIADO: vendas.perfiladosrb@gmail.com via cmargreiter91@gmx.at@mail.gmx.at:465
[2026-08-25 16:04:51,490] INFO - ENVIADO: areiasbh@gmail.com via andreas.leo@gmx.at@mail.gmx.at:465
[2026-08-25 16:04:51,718] INFO - ENVIADO: kimvendas.protecfer@gmail.com via felixwinkler@gmx.net@mail.gmx.net:465
[2026-08-25 16:04:53,039] INFO - ENVIADO: cintia.imprensa@gmail.com via k.foditsch88@gmx.at@mail.gmx.at:465
[2026-08-25 16:04:53,827] INFO - ENVIADO: charles50mm@gmail.com via wolfgangwendlinger@gmx.at@mail.gmx.at:465
[2026-08-25 16:04:55,278] INFO - ENVIADO: plenitudemadeiras.rs@gmail.com via martin.jurek@gmx.net@mail.gmx.net:465
[2026-08-25 16:04:56,124] INFO - ENVIADO: quintaomateriais255@gmail.com via rollerfahren-verbindet@gmx.at@mail.gmx.at:465
[2026-08-25 16:04:57,614] INFO - ENVIADO: piratiningaferramentasdiv@gmail.com via horst.kupfer@gmx.net@mail.gmx.net:465
[2026-08-25 16:04:58,472] INFO - ENVIADO: gisaacdassilvagoncaalves@gmail.com via richardburger@gmx.at@mail.gmx.at:465
[2026-08-25 16:04:59,893] INFO - ENVIADO: sotelhasbh@gmail.com via m.hohlbauch@gmx.net@mail.gmx.net:465
[2026-08-25 16:05:00,569] INFO - ENVIADO: lajespremoart@gmail.com via contacto@mimesis.com.ar@mail.mimesis.com.ar:465
[2026-08-25 16:05:00,721] INFO - ENVIADO: renildormenezes@gmail.com via lada1@gmx.net@mail.gmx.net:465
[2026-08-25 16:05:02,190] INFO - ENVIADO: lojaeletricaa@gmail.com via steffen.drueke@gmx.net@mail.gmx.net:465
[2026-08-25 16:05:02,855] INFO - ENVIADO: havai.riviera@gmail.com via elias.kronsteiner@gmx.at@mail.gmx.at:465
[2026-08-25 16:05:03,024] INFO - ENVIADO: casadaslonasm@gmail.com via hauser.joerg@gmx.net@mail.gmx.net:465
[2026-08-25 16:05:10,243] INFO - ENVIADO: sergiomendesp@gmail.com via kajaseifert@gmx.net@mail.gmx.net:465
[2026-08-25 16:05:10,506] INFO - ENVIADO: ferragenssantoscury@gmail.com via eavila@promas.com.ar@smtp.promas.com.ar:465
[2026-08-25 16:05:12,797] INFO - ENVIADO: linkimmicroni48@gmail.com via kajaseifert@gmx.net@mail.gmx.net:465
[2026-08-25 16:05:15,020] INFO - ENVIADO: correacury@gmail.com via bernhard.bunde@gmx.net@mail.gmx.net:465
[2026-08-25 16:05:15,634] INFO - ENVIADO: grecomaiars27@gmail.com via support@solenergies.ci@mail.solenergies.ci:465
[2026-08-25 16:05:15,753] INFO - ENVIADO: pcapanema@gmail.com via guido@modular-robot.com.ar@smtp.modular-robot.com.ar:465
[2026-08-25 16:05:16,016] INFO - ENVIADO: pampulhapisoserevest@gmail.com via dtfutsalatfa@cahuracan.com@smtp.cahuracan.com:465
[2026-08-25 16:05:16,500] INFO - ENVIADO: vitorrggm@gmail.com via contacto@mimesis.com.ar@mail.mimesis.com.ar:465
[2026-08-25 16:05:17,276] INFO - ENVIADO: azzi.ltda@gmail.com via eva.bendl@gmx.at@mail.gmx.at:465
[2026-08-25 16:05:17,926] INFO - ENVIADO: bhtintas@gmail.com via david.schaetzel@gmx.at@mail.gmx.at:465
[2026-08-25 16:05:18,042] INFO - ENVIADO: felipelamasdias@gmail.com via kfz-kapeller@gmx.at@mail.gmx.at:465
[2026-08-25 16:05:18,361] INFO - ENVIADO: oficialduaalmanza6@gmail.com via apfelmann@gmx.at@mail.gmx.at:465
[2026-08-25 16:05:18,818] INFO - ENVIADO: canaldoarquiteto1@gmail.com via david.schicker@gmx.at@mail.gmx.at:465
[2026-08-25 16:05:19,598] INFO - ENVIADO: nonatobrescia@gmail.com via cmargreiter91@gmx.at@mail.gmx.at:465
[2026-08-25 16:05:20,174] INFO - ENVIADO: innovarcecbh@gmail.com via andreas.leo@gmx.at@mail.gmx.at:465
[2026-08-25 16:05:20,302] INFO - ENVIADO: loja.uairetro@gmail.com via felixwinkler@gmx.net@mail.gmx.net:465
[2026-08-25 16:05:21,044] INFO - ENVIADO: cnfraga@gmail.com via k.foditsch88@gmx.at@mail.gmx.at:465
[2026-08-25 16:05:21,913] INFO - ENVIADO: casaconstrutoror@gmail.com via wolfgangwendlinger@gmx.at@mail.gmx.at:465
[2026-08-25 16:05:22,667] INFO - ENVIADO: rh.projetodevida@gmail.com via martin.jurek@gmx.net@mail.gmx.net:465
[2026-08-25 16:05:23,363] INFO - ENVIADO: clarcasaconstrucao@gmail.com via rollerfahren-verbindet@gmx.at@mail.gmx.at:465
[2026-08-25 16:05:24,212] INFO - ENVIADO: atendimentorasec@gmail.com via horst.kupfer@gmx.net@mail.gmx.net:465
[2026-08-25 16:05:24,369] INFO - ENVIADO: pedrinhasm.c@gmail.com via lada1@gmx.net@mail.gmx.net:465
[2026-08-25 16:05:24,941] INFO - ENVIADO: julio.cmeltda@gmail.com via m.hohlbauch@gmx.net@mail.gmx.net:465
[2026-08-25 16:05:25,656] INFO - ENVIADO: loja7bh@gmail.com via lada1@gmx.net@mail.gmx.net:465
[2026-08-25 16:05:26,493] INFO - ENVIADO: comercialibuildmg@gmail.com via steffen.drueke@gmx.net@mail.gmx.net:465
[2026-08-25 16:05:26,600] INFO - ENVIADO: mdsantosbh@gmail.com via elias.kronsteiner@gmx.at@mail.gmx.at:465
[2026-08-25 16:05:26,934] INFO - ENVIADO: goncalvesgk@gmail.com via eavila@promas.com.ar@smtp.promas.com.ar:465
[2026-08-25 16:05:27,171] INFO - ENVIADO: intelforteseguranca@gmail.com via hauser.joerg@gmx.net@mail.gmx.net:465
[2026-08-25 16:05:33,401] INFO - ENVIADO: materiaismm.construcao@gmail.com via eva.bendl@gmx.at@mail.gmx.at:465
[2026-08-25 16:05:35,689] INFO - ENVIADO: eletrocalazans@gmail.com via kajaseifert@gmx.net@mail.gmx.net:465
[2026-08-25 16:05:37,728] INFO - ENVIADO: laryssamalagute@gmail.com via guido@modular-robot.com.ar@smtp.modular-robot.com.ar:465
[2026-08-25 16:05:38,035] INFO - ENVIADO: contatoconstruformasbh@gmail.com via dtfutsalatfa@cahuracan.com@smtp.cahuracan.com:465
[2026-08-25 16:05:39,021] INFO - ENVIADO: uniprintgraficabh@gmail.com via contacto@mimesis.com.ar@mail.mimesis.com.ar:465
[2026-08-25 16:05:39,192] INFO - ENVIADO: recrutabh2017@gmail.com via contacto@mimesis.com.ar@mail.mimesis.com.ar:465
[2026-08-25 16:05:39,905] INFO - ENVIADO: embelagensbelohorizonte@gmail.com via apfelmann@gmx.at@mail.gmx.at:465
[2026-08-25 16:05:40,057] INFO - ENVIADO: lojadocruzeirooutletcontagem1@gmail.com via david.schaetzel@gmx.at@mail.gmx.at:465
[2026-08-25 16:05:40,296] INFO - ENVIADO: casatinamartins@gmail.com via kfz-kapeller@gmx.at@mail.gmx.at:465
[2026-08-25 16:05:41,312] INFO - ENVIADO: contatocamilaloures@gmail.com via apfelmann@gmx.at@mail.gmx.at:465
[2026-08-25 16:05:41,524] INFO - ENVIADO: williamlimainfecto@gmail.com via david.schicker@gmx.at@mail.gmx.at:465
[2026-08-25 16:05:42,206] INFO - ENVIADO: centralbalaseembalagens@gmail.com via cmargreiter91@gmx.at@mail.gmx.at:465
[2026-08-25 16:05:42,304] INFO - ENVIADO: 3224-4407bramelbrasilmedica@gmail.com via andreas.leo@gmx.at@mail.gmx.at:465
[2026-08-25 16:05:42,591] INFO - ENVIADO: carla.rodrigues212@gmail.com via felixwinkler@gmx.net@mail.gmx.net:465
[2026-08-25 16:05:43,784] INFO - ENVIADO: sdartefatosdecimento@gmail.com via k.foditsch88@gmx.at@mail.gmx.at:465
[2026-08-25 16:05:44,483] INFO - ENVIADO: wrconstru.civil@gmail.com via wolfgangwendlinger@gmx.at@mail.gmx.at:465
[2026-08-25 16:05:44,830] INFO - ENVIADO: carvalhoengenhariabh@gmail.com via martin.jurek@gmx.net@mail.gmx.net:465
[2026-08-25 16:05:46,042] INFO - ENVIADO: ronaldo.roscoe@gmail.com via rollerfahren-verbindet@gmx.at@mail.gmx.at:465
[2026-08-25 16:05:46,480] INFO - ENVIADO: construtoraabreu6@gmail.com via lada1@gmx.net@mail.gmx.net:465
[2026-08-25 16:05:46,701] INFO - ENVIADO: cafedoisirmaos@gmail.com via richardburger@gmx.at@mail.gmx.at:465
[2026-08-25 16:05:47,197] INFO - ENVIADO: sindtrab.ceramicas@gmail.com via m.hohlbauch@gmx.net@mail.gmx.net:465
[2026-08-25 16:05:48,397] INFO - ENVIADO: robertov.edificacoes@gmail.com via lada1@gmx.net@mail.gmx.net:465
[2026-08-25 16:05:48,751] INFO - ENVIADO: edificioacaiaca@gmail.com via steffen.drueke@gmx.net@mail.gmx.net:465
[2026-08-25 16:05:48,993] INFO - ENVIADO: lidia.nanobmrg@gmail.com via elias.kronsteiner@gmx.at@mail.gmx.at:465
[2026-08-25 16:05:49,489] INFO - ENVIADO: institutoglobalcursos@gmail.com via hauser.joerg@gmx.net@mail.gmx.net:465
[2026-08-25 16:05:50,272] INFO - ENVIADO: parus.allypoolged@gmail.com via eavila@promas.com.ar@smtp.promas.com.ar:465
[2026-08-25 16:06:01,752] INFO - ENVIADO: alexandre.magrineli@gmail.com via contacto@mimesis.com.ar@mail.mimesis.com.ar:465
